2025-05-02T14:31:43:   ▲ Next.js 14.2.2
2025-05-02T14:31:43:   ▲ Next.js 14.2.2
2025-05-02T14:31:43:   ▲ Next.js 14.2.2
2025-05-02T14:31:43:   - Local:        http://localhost:3000
2025-05-02T14:31:43: 
2025-05-02T14:31:43:  ✓ Starting...
2025-05-02T14:31:43:   - Local:        http://localhost:3000
2025-05-02T14:31:43: 
2025-05-02T14:31:43:  ✓ Starting...
2025-05-02T14:31:43:   ▲ Next.js 14.2.2
2025-05-02T14:31:43:   - Local:        http://localhost:3000
2025-05-02T14:31:43: 
2025-05-02T14:31:43:  ✓ Starting...
2025-05-02T14:31:44:  ✓ Ready in 989ms
2025-05-02T14:31:44:   ▲ Next.js 14.2.2
2025-05-02T14:31:44:  ✓ Ready in 926ms
2025-05-02T14:31:44:   ▲ Next.js 14.2.2
2025-05-02T14:31:44:  ✓ Ready in 932ms
2025-05-02T14:31:43:   - Local:        http://localhost:3000
2025-05-02T14:31:43: 
2025-05-02T14:31:43:  ✓ Starting...
2025-05-02T14:31:44:   - Local:        http://localhost:3000
2025-05-02T14:31:44: 
2025-05-02T14:31:44:  ✓ Starting...
2025-05-02T14:31:44:  ✓ Ready in 959ms
2025-05-02T14:31:44:   - Local:        http://localhost:3000
2025-05-02T14:31:44: 
2025-05-02T14:31:44:  ✓ Starting...
2025-05-02T14:31:44:   ▲ Next.js 14.2.2
2025-05-02T14:31:44:   ▲ Next.js 14.2.2
2025-05-02T14:31:44:  ✓ Ready in 906ms
2025-05-02T14:31:44:  ✓ Ready in 797ms
2025-05-02T14:31:44:   - Local:        http://localhost:3000
2025-05-02T14:31:44: 
2025-05-02T14:31:44:  ✓ Starting...
2025-05-02T14:31:44:   - Local:        http://localhost:3000
2025-05-02T14:31:44: 
2025-05-02T14:31:44:  ✓ Starting...
2025-05-02T14:31:44:  ✓ Ready in 637ms
2025-05-02T14:31:44:  ✓ Ready in 737ms
